// Vitest Snapshot v1, https://vitest.dev/guide/snapshot.html

exports[`Logo > should render properly 1`] = `"<h1 data-v-4bfea8c3=\\"\\">SessÃ£o Zero</h1>"`;
